// Vitest Snapshot v1, https://vitest.dev/guide/snapshot.html

exports[`# Input > ## Base > ### default config 1`] = `
<div
  bg="$wb-input-background"
  class="wb-input wb-input--base wb-input--start wb-input--rectangle wb-input--md"
  flex="inline"
  focus-within="outline outline-2 outline-$wb-color-primary"
  gap="$wb-input-gap"
  h="$wb-input-height"
  items="center"
  overflow="hidden"
  p="x-$wb-input-padding y-2px"
  relative=""
  ring="1 $wb-input-border"
  rounded="$wb-input-radius"
  w="$wb-input-width"
>
  <!---->
  <input
    border="none"
    class="wb-input-content"
    color="$wb-input-text"
    flex="1"
    h="full"
    maxlength="-1"
    placeholder=""
    w="full"
  />
  <!--v-if-->
  <!---->
</div>
`;
