// Vitest Snapshot v1, https://vitest.dev/guide/snapshot.html

exports[`# Loading > ## Base > ### default config 1`] = `
<div
  class="wb-loading"
>
   Loading 
  <!---->
</div>
`;
