// Vitest Snapshot v1, https://vitest.dev/guide/snapshot.html

exports[`# Form > ## Base > ### default config 1`] = `
<form
  class="wb-form wb-form--normal"
  flex="~ col"
>
  
  <!---->
  
</form>
`;
