// Vitest Snapshot v1, https://vitest.dev/guide/snapshot.html

exports[`# Slider > ## Base > ### default config 1`] = `
<div
  class="wb-slider"
>
  Slider
</div>
`;
