// Vitest Snapshot v1, https://vitest.dev/guide/snapshot.html

exports[`# Message > ## Base > ### default config 1`] = `
<div
  class="wb-message"
>
   Message 
  <!---->
</div>
`;
